// Jest Snapshot v1, https://goo.gl/fbAQLP

exports[`Submenu component view pages submenu unchanged 1`] = `
<div>
  <div
    class="submenuArea"
  >
    <div
      class="submenu"
    >
      <div
        class="submenuMask"
      />
      <a
        class="act"
        href="/view"
      >
        全部
      </a>
      <a
        class=""
        href="/view/trend"
      >
        主題企劃
      </a>
      <a
        class=""
        href="/view/interviews"
      >
        人物專訪
      </a>
    </div>
  </div>
  <div
    class="moSubmenuArea"
  >
    <div>
      <a
        class="act"
        href="/view"
      >
        全部
      </a>
    </div>
    <div>
      <a
        class=""
        href="/view/trend"
      >
        主題企劃
      </a>
    </div>
    <div>
      <a
        class=""
        href="/view/interviews"
      >
        人物專訪
      </a>
    </div>
  </div>
</div>
`;
