// Jest Snapshot v1, https://goo.gl/fbAQLP

exports[`Custom slider snapshot renders slider unchanged 1`] = `
<div>
  <div
    class="CustomSlider"
    role="slider"
  >
    <div
      class="slick-slider slick-initialized"
      dir="ltr"
    >
      <button
        class="slick-arrow slick-prev"
        data-role="none"
        style="display: block;"
        type="button"
      >
         
        Previous
      </button>
      <div
        class="slick-list"
      >
        <div
          class="slick-track"
          style="opacity: 1;"
        />
      </div>
      <button
        class="slick-arrow slick-next"
        data-role="none"
        style="display: block;"
        type="button"
      >
         
        Next
      </button>
    </div>
  </div>
</div>
`;
