// Jest Snapshot v1, https://goo.gl/fbAQLP

exports[`Shared Banner Component renders Banner unchanged 1`] = `
<div>
  <div
    class="sharedBanner"
  >
    <div
      class="mask"
    />
    <div
      class="box"
    >
      <h1
        class="title"
      >
        Here is ESG
      </h1>
      <div
        class="txt"
      >
        <p>
          This is were the description comes up
        </p>
        <div
          class="line"
        />
      </div>
    </div>
  </div>
</div>
`;
